
DEBUG:root:log: rule B37/S12345/1
-----------------------------------------------------------------------------------------------------------------------------------------------------------------
q - exit
-----------------------------------------------------------------------------------------------------------------------------------------------------------------
p - pause/resume
-----------------------------------------------------------------------------------------------------------------------------------------------------------------
r - randomise field
-----------------------------------------------------------------------------------------------------------------------------------------------------------------
c - randomise color
-----------------------------------------------------------------------------------------------------------------------------------------------------------------
s - randomise symbols
-----------------------------------------------------------------------------------------------------------------------------------------------------------------
(1-9) - add square in center
-----------------------------------------------------------------------------------------------------------------------------------------------------------------
b - blank field
DEBUG:root:log: rule B37/S12345/1
-----------------------------------------------------------------------------------------------------------------------------------------------------------------
q - exit
-----------------------------------------------------------------------------------------------------------------------------------------------------------------
p - pause/resume
-----------------------------------------------------------------------------------------------------------------------------------------------------------------
r - randomise field
-----------------------------------------------------------------------------------------------------------------------------------------------------------------
c - randomise color
-----------------------------------------------------------------------------------------------------------------------------------------------------------------
s - randomise symbols
-----------------------------------------------------------------------------------------------------------------------------------------------------------------
(1-9) - add square in center
-----------------------------------------------------------------------------------------------------------------------------------------------------------------
b - blank field
DEBUG:root:log: rule B37/S12345/1
-----------------------------------------------------------------------------------------------------------------------------------------------------------------
q - exit
-----------------------------------------------------------------------------------------------------------------------------------------------------------------
p - pause/resume
-----------------------------------------------------------------------------------------------------------------------------------------------------------------
r - randomise field
-----------------------------------------------------------------------------------------------------------------------------------------------------------------
c - randomise color
-----------------------------------------------------------------------------------------------------------------------------------------------------------------
s - randomise symbols
-----------------------------------------------------------------------------------------------------------------------------------------------------------------
(1-9) - add square in center
-----------------------------------------------------------------------------------------------------------------------------------------------------------------
b - blank field
DEBUG:root:log: rule B37/S12345/1
-----------------------------------------------------------------------------------------------------------------------------------------------------------------
q - exit
-----------------------------------------------------------------------------------------------------------------------------------------------------------------
p - pause/resume
-----------------------------------------------------------------------------------------------------------------------------------------------------------------
r - randomise field
-----------------------------------------------------------------------------------------------------------------------------------------------------------------
c - randomise color
-----------------------------------------------------------------------------------------------------------------------------------------------------------------
s - randomise symbols
-----------------------------------------------------------------------------------------------------------------------------------------------------------------
(1-9) - add square in center
-----------------------------------------------------------------------------------------------------------------------------------------------------------------
b - blank field
DEBUG:root:log: rule B37/S12345/1
-----------------------------------------------------------------------------------------------------------------------------------------------------------------
q - exit
-----------------------------------------------------------------------------------------------------------------------------------------------------------------
p - pause/resume
-----------------------------------------------------------------------------------------------------------------------------------------------------------------
r - randomise field
-----------------------------------------------------------------------------------------------------------------------------------------------------------------
c - randomise color
-----------------------------------------------------------------------------------------------------------------------------------------------------------------
s - randomise symbols
-----------------------------------------------------------------------------------------------------------------------------------------------------------------
(1-9) - add square in center
-----------------------------------------------------------------------------------------------------------------------------------------------------------------
b - blank field
DEBUG:root:log: rule B37/S12345/1
-----------------------------------------------------------------------------------------------------------------------------------------------------------------
q - exit
-----------------------------------------------------------------------------------------------------------------------------------------------------------------
p - pause/resume
-----------------------------------------------------------------------------------------------------------------------------------------------------------------
r - randomise field
-----------------------------------------------------------------------------------------------------------------------------------------------------------------
c - randomise color
-----------------------------------------------------------------------------------------------------------------------------------------------------------------
s - randomise symbols
-----------------------------------------------------------------------------------------------------------------------------------------------------------------
(1-9) - add square in center
-----------------------------------------------------------------------------------------------------------------------------------------------------------------
b - blank field
DEBUG:root:log: rule B37/S12345/1
-----------------------------------------------------------------------------------------------------------------------------------------------------------------
q - exit
-----------------------------------------------------------------------------------------------------------------------------------------------------------------
p - pause/resume
-----------------------------------------------------------------------------------------------------------------------------------------------------------------
r - randomise field
-----------------------------------------------------------------------------------------------------------------------------------------------------------------
c - randomise color
-----------------------------------------------------------------------------------------------------------------------------------------------------------------
s - randomise symbols
-----------------------------------------------------------------------------------------------------------------------------------------------------------------
(1-9) - add square in center
-----------------------------------------------------------------------------------------------------------------------------------------------------------------
b - blank field
DEBUG:root:log: rule B37/S12345/1
-----------------------------------------------------------------------------------------------------------------------------------------------------------------
q - exit
-----------------------------------------------------------------------------------------------------------------------------------------------------------------
p - pause/resume
-----------------------------------------------------------------------------------------------------------------------------------------------------------------
r - randomise field
-----------------------------------------------------------------------------------------------------------------------------------------------------------------
c - randomise color
-----------------------------------------------------------------------------------------------------------------------------------------------------------------
s - randomise symbols
-----------------------------------------------------------------------------------------------------------------------------------------------------------------
(1-9) - add square in center
-----------------------------------------------------------------------------------------------------------------------------------------------------------------
b - blank field
DEBUG:root:log: rule B37/S12345/1
-----------------------------------------------------------------------------------------------------------------------------------------------------------------
q - exit
-----------------------------------------------------------------------------------------------------------------------------------------------------------------
p - pause/resume
-----------------------------------------------------------------------------------------------------------------------------------------------------------------
r - randomise field
-----------------------------------------------------------------------------------------------------------------------------------------------------------------
c - randomise color
-----------------------------------------------------------------------------------------------------------------------------------------------------------------
s - randomise symbols
-----------------------------------------------------------------------------------------------------------------------------------------------------------------
(1-9) - add square in center
-----------------------------------------------------------------------------------------------------------------------------------------------------------------
b - blank field
DEBUG:root:log: rule B37/S12345/1
-----------------------------------------------------------------------------------------------------------------------------------------------------------------
q - exit
-----------------------------------------------------------------------------------------------------------------------------------------------------------------
p - pause/resume
-----------------------------------------------------------------------------------------------------------------------------------------------------------------
r - randomise field
-----------------------------------------------------------------------------------------------------------------------------------------------------------------
c - randomise color
-----------------------------------------------------------------------------------------------------------------------------------------------------------------
s - randomise symbols
-----------------------------------------------------------------------------------------------------------------------------------------------------------------
(1-9) - add square in center
-----------------------------------------------------------------------------------------------------------------------------------------------------------------
b - blank field
DEBUG:root:log: rule B37/S12345/1
-----------------------------------------------------------------------------------------------------------------------------------------------------------------
q - exit
-----------------------------------------------------------------------------------------------------------------------------------------------------------------
p - pause/resume
-----------------------------------------------------------------------------------------------------------------------------------------------------------------
r - randomise field
-----------------------------------------------------------------------------------------------------------------------------------------------------------------
c - randomise color
-----------------------------------------------------------------------------------------------------------------------------------------------------------------
s - randomise symbols
-----------------------------------------------------------------------------------------------------------------------------------------------------------------
(1-9) - add square in center
-----------------------------------------------------------------------------------------------------------------------------------------------------------------
b - blank field
DEBUG:root:log: rule B37/S12345/1
-----------------------------------------------------------------------------------------------------------------------------------------------------------------
q - exit
-----------------------------------------------------------------------------------------------------------------------------------------------------------------
p - pause/resume
-----------------------------------------------------------------------------------------------------------------------------------------------------------------
r - randomise field
-----------------------------------------------------------------------------------------------------------------------------------------------------------------
c - randomise color
-----------------------------------------------------------------------------------------------------------------------------------------------------------------
s - randomise symbols
-----------------------------------------------------------------------------------------------------------------------------------------------------------------
(1-9) - add square in center
-----------------------------------------------------------------------------------------------------------------------------------------------------------------
b - blank field
DEBUG:root:log: rule B37/S12345/1
-----------------------------------------------------------------------------------------------------------------------------------------------------------------
q - exit
-----------------------------------------------------------------------------------------------------------------------------------------------------------------
p - pause/resume
-----------------------------------------------------------------------------------------------------------------------------------------------------------------
r - randomise field
-----------------------------------------------------------------------------------------------------------------------------------------------------------------
c - randomise color
-----------------------------------------------------------------------------------------------------------------------------------------------------------------
s - randomise symbols
-----------------------------------------------------------------------------------------------------------------------------------------------------------------
(1-9) - add square in center
-----------------------------------------------------------------------------------------------------------------------------------------------------------------
b - blank field
DEBUG:root:log: rule B37/S12345/1
-----------------------------------------------------------------------------------------------------------------------------------------------------------------
q - exit
-----------------------------------------------------------------------------------------------------------------------------------------------------------------
p - pause/resume
-----------------------------------------------------------------------------------------------------------------------------------------------------------------
r - randomise field
-----------------------------------------------------------------------------------------------------------------------------------------------------------------
c - randomise color
-----------------------------------------------------------------------------------------------------------------------------------------------------------------
s - randomise symbols
-----------------------------------------------------------------------------------------------------------------------------------------------------------------
(1-9) - add square in center
-----------------------------------------------------------------------------------------------------------------------------------------------------------------
b - blank field
DEBUG:root:log: rule B37/S12345/1
-----------------------------------------------------------------------------------------------------------------------------------------------------------------
q - exit
-----------------------------------------------------------------------------------------------------------------------------------------------------------------
p - pause/resume
-----------------------------------------------------------------------------------------------------------------------------------------------------------------
r - randomise field
-----------------------------------------------------------------------------------------------------------------------------------------------------------------
c - randomise color
-----------------------------------------------------------------------------------------------------------------------------------------------------------------
s - randomise symbols
-----------------------------------------------------------------------------------------------------------------------------------------------------------------
(1-9) - add square in center
-----------------------------------------------------------------------------------------------------------------------------------------------------------------
b - blank field
DEBUG:root:log: rule B37/S12345/1
-----------------------------------------------------------------------------------------------------------------------------------------------------------------
q - exit
-----------------------------------------------------------------------------------------------------------------------------------------------------------------
p - pause/resume
-----------------------------------------------------------------------------------------------------------------------------------------------------------------
r - randomise field
-----------------------------------------------------------------------------------------------------------------------------------------------------------------
c - randomise color
-----------------------------------------------------------------------------------------------------------------------------------------------------------------
s - randomise symbols
-----------------------------------------------------------------------------------------------------------------------------------------------------------------
(1-9) - add square in center
-----------------------------------------------------------------------------------------------------------------------------------------------------------------
b - blank field
DEBUG:root:log: rule B37/S12345/1
-----------------------------------------------------------------------------------------------------------------------------------------------------------------
q - exit
-----------------------------------------------------------------------------------------------------------------------------------------------------------------
p - pause/resume
-----------------------------------------------------------------------------------------------------------------------------------------------------------------
r - randomise field
-----------------------------------------------------------------------------------------------------------------------------------------------------------------
c - randomise color
-----------------------------------------------------------------------------------------------------------------------------------------------------------------
s - randomise symbols
-----------------------------------------------------------------------------------------------------------------------------------------------------------------
(1-9) - add square in center
-----------------------------------------------------------------------------------------------------------------------------------------------------------------
b - blank field
DEBUG:root:log: rule B37/S12345/1
-----------------------------------------------------------------------------------------------------------------------------------------------------------------
q - exit
-----------------------------------------------------------------------------------------------------------------------------------------------------------------
p - pause/resume
-----------------------------------------------------------------------------------------------------------------------------------------------------------------
r - randomise field
-----------------------------------------------------------------------------------------------------------------------------------------------------------------
c - randomise color
-----------------------------------------------------------------------------------------------------------------------------------------------------------------
s - randomise symbols
-----------------------------------------------------------------------------------------------------------------------------------------------------------------
(1-9) - add square in center
-----------------------------------------------------------------------------------------------------------------------------------------------------------------
b - blank field
DEBUG:root:log: rule B37/S12345/1
-----------------------------------------------------------------------------------------------------------------------------------------------------------------
q - exit
-----------------------------------------------------------------------------------------------------------------------------------------------------------------
p - pause/resume
-----------------------------------------------------------------------------------------------------------------------------------------------------------------
r - randomise field
-----------------------------------------------------------------------------------------------------------------------------------------------------------------
c - randomise color
-----------------------------------------------------------------------------------------------------------------------------------------------------------------
s - randomise symbols
-----------------------------------------------------------------------------------------------------------------------------------------------------------------
(1-9) - add square in center
-----------------------------------------------------------------------------------------------------------------------------------------------------------------
b - blank field
DEBUG:root:log: rule B37/S12345/1
-----------------------------------------------------------------------------------------------------------------------------------------------------------------
q - exit
-----------------------------------------------------------------------------------------------------------------------------------------------------------------
p - pause/resume
-----------------------------------------------------------------------------------------------------------------------------------------------------------------
r - randomise field
-----------------------------------------------------------------------------------------------------------------------------------------------------------------
c - randomise color
-----------------------------------------------------------------------------------------------------------------------------------------------------------------
s - randomise symbols
-----------------------------------------------------------------------------------------------------------------------------------------------------------------
(1-9) - add square in center
-----------------------------------------------------------------------------------------------------------------------------------------------------------------
b - blank field
DEBUG:root:log: rule B37/S12345/1
-----------------------------------------------------------------------------------------------------------------------------------------------------------------
q - exit
-----------------------------------------------------------------------------------------------------------------------------------------------------------------
p - pause/resume
-----------------------------------------------------------------------------------------------------------------------------------------------------------------
r - randomise field
-----------------------------------------------------------------------------------------------------------------------------------------------------------------
c - randomise color
-----------------------------------------------------------------------------------------------------------------------------------------------------------------
s - randomise symbols
-----------------------------------------------------------------------------------------------------------------------------------------------------------------
(1-9) - add square in center
-----------------------------------------------------------------------------------------------------------------------------------------------------------------
b - blank field
DEBUG:root:log: rule B37/S12345/1
-----------------------------------------------------------------------------------------------------------------------------------------------------------------
q - exit
-----------------------------------------------------------------------------------------------------------------------------------------------------------------
p - pause/resume
-----------------------------------------------------------------------------------------------------------------------------------------------------------------
r - randomise field
-----------------------------------------------------------------------------------------------------------------------------------------------------------------
c - randomise color
-----------------------------------------------------------------------------------------------------------------------------------------------------------------
s - randomise symbols
-----------------------------------------------------------------------------------------------------------------------------------------------------------------
(1-9) - add square in center
-----------------------------------------------------------------------------------------------------------------------------------------------------------------
b - blank field
